
> justice-companion@1.0.0 build C:\Users\sava6\Desktop\Justice Companion
> tsc && vite build && node scripts/copy-migrations.js && electron-builder

[36mvite v7.1.9 [32mbuilding for production...[36m[39m
transforming...
[32m✓[39m 2662 modules transformed.
rendering chunks...
computing gzip size...
[2mdist/[22m[32mindex.html                          [39m[1m[2m    0.71 kB[22m[1m[22m[2m │ gzip:   0.37 kB[22m
[2mdist/[22m[35massets/index-DM4AtF5U.css           [39m[1m[2m   85.65 kB[22m[1m[22m[2m │ gzip:  11.98 kB[22m
[2mdist/[22m[36massets/ai-vendor-DRTap_T9.js        [39m[1m[2m    0.09 kB[22m[1m[22m[2m │ gzip:   0.07 kB[22m
[2mdist/[22m[36massets/useEvidence-CpiH-gua.js      [39m[1m[2m    1.81 kB[22m[1m[22m[2m │ gzip:   0.52 kB[22m
[2mdist/[22m[36massets/useCases-CK7fHlcT.js         [39m[1m[2m    2.00 kB[22m[1m[22m[2m │ gzip:   0.57 kB[22m
[2mdist/[22m[36massets/Skeleton-DOwwBMGW.js         [39m[1m[2m    7.68 kB[22m[1m[22m[2m │ gzip:   1.07 kB[22m
[2mdist/[22m[36massets/purify.es-aGzT-_H7.js        [39m[1m[2m   22.15 kB[22m[1m[22m[2m │ gzip:   8.67 kB[22m
[2mdist/[22m[36massets/utils-vendor-mUhgpWuM.js     [39m[1m[2m   24.86 kB[22m[1m[22m[2m │ gzip:   7.94 kB[22m
[2mdist/[22m[36massets/react-vendor-C0UqPwd5.js     [39m[1m[2m   31.00 kB[22m[1m[22m[2m │ gzip:   9.86 kB[22m
[2mdist/[22m[36massets/index-Ch-as4Lk.js            [39m[1m[2m   34.87 kB[22m[1m[22m[2m │ gzip:   4.27 kB[22m
[2mdist/[22m[36massets/index-D-sCTvp4.js            [39m[1m[2m   54.87 kB[22m[1m[22m[2m │ gzip:   6.85 kB[22m
[2mdist/[22m[36massets/index-DP0E4Tlm.js            [39m[1m[2m   72.79 kB[22m[1m[22m[2m │ gzip:  10.74 kB[22m
[2mdist/[22m[36massets/index-5ojp2Xp4.js            [39m[1m[2m   92.58 kB[22m[1m[22m[2m │ gzip:  12.82 kB[22m
[2mdist/[22m[36massets/index.es-D_RFeUBZ.js         [39m[1m[2m  159.40 kB[22m[1m[22m[2m │ gzip:  53.42 kB[22m
[2mdist/[22m[36massets/ui-vendor-CRLxKnav.js        [39m[1m[2m  171.71 kB[22m[1m[22m[2m │ gzip:  53.47 kB[22m
[2mdist/[22m[36massets/markdown-Df7Ioko8.js         [39m[1m[2m  183.73 kB[22m[1m[22m[2m │ gzip:  54.43 kB[22m
[2mdist/[22m[36massets/html2canvas.esm-B0tyYwQk.js  [39m[1m[2m  202.36 kB[22m[1m[22m[2m │ gzip:  48.04 kB[22m
[2mdist/[22m[36massets/index-ChuVo-0X.js            [39m[1m[2m  446.80 kB[22m[1m[22m[2m │ gzip: 122.82 kB[22m
[2mdist/[22m[36massets/document-DPr_x2x2.js         [39m[1m[2m  743.51 kB[22m[1m[22m[2m │ gzip: 211.56 kB[22m
[2mdist/[22m[36massets/index-qThI3v1N.js            [39m[1m[33m1,994.33 kB[39m[22m[2m │ gzip: 263.80 kB[22m
[33m
(!) Some chunks are larger than 1000 kB after minification. Consider:
- Using dynamic import() to code-split the application
- Use build.rollupOptions.output.manualChunks to improve chunking: https://rollupjs.org/configuration-options/#output-manualchunks
- Adjust chunk size limit for this warning via build.chunkSizeWarningLimit.[39m
[32m✓ built in 10.81s[39m
[36mvite v7.1.9 [32mbuilding for production...[36m[39m
transforming...
[32m✓[39m 564 modules transformed.
[33mGenerated an empty chunk: "index".[39m
rendering chunks...
computing gzip size...
[2mdist-electron/[22m[36mindex-Dyvby5gX.js          [39m[1m[2m  0.01 kB[22m[1m[22m[2m │ gzip:   0.03 kB[22m
[2mdist-electron/[22m[36mmain.js                    [39m[1m[2m  0.10 kB[22m[1m[22m[2m │ gzip:   0.09 kB[22m
[2mdist-electron/[22m[36mpath-security-BqLWtWQc.js  [39m[1m[2m  0.58 kB[22m[1m[22m[2m │ gzip:   0.37 kB[22m
[2mdist-electron/[22m[36mai-functions-auRFmXm5.js   [39m[1m[2m  3.44 kB[22m[1m[22m[2m │ gzip:   1.39 kB[22m
[2mdist-electron/[22m[36mmain-CBd-TGYN.js           [39m[1m[2m323.89 kB[22m[1m[22m[2m │ gzip:  85.62 kB[22m
[2mdist-electron/[22m[36mindex-BGVqO-2d.js          [39m[1m[33m533.53 kB[39m[22m[2m │ gzip: 142.15 kB[22m
[32m✓ built in 3.21s[39m
[36mvite v7.1.9 [32mbuilding for production...[36m[39m
transforming...
[32m✓[39m 2 modules transformed.
rendering chunks...
computing gzip size...
[2mdist-electron/[22m[36mpreload.js  [39m[1m[2m7.66 kB[22m[1m[22m[2m │ gzip: 2.03 kB[22m
[32m✓ built in 21ms[39m
✓ Copied migration: 001_initial_schema.sql
✓ Copied migration: 002_chat_history_and_profile.sql
✓ Copied migration: 003_audit_logs.sql
✓ Copied migration: 004_encryption_expansion.sql
✓ Copied migration: 005_user_and_case_facts.sql
✓ Copied migration: 010_authentication_system.sql
✓ Copied migration: 011_add_user_ownership.sql
✓ Copied migration: 012_consent_management.sql

✓ Successfully copied 8 migration(s) to dist-electron/migrations/
  • electron-builder  version=26.0.12 os=10.0.26100
  • loaded configuration  file=package.json ("build" field)
  • @electron/rebuild already used by electron-builder, please consider to remove excess dependency from devDependencies

To ensure your native dependencies are always matched electron version, simply add script `"postinstall": "electron-builder install-app-deps" to your `package.json`
  • executing @electron/rebuild  electronVersion=38.2.2 arch=x64 buildFromSource=false appDir=./
  • installing native dependencies  arch=x64
  • preparing       moduleName=better-sqlite3 arch=x64
  • finished        moduleName=better-sqlite3 arch=x64
  • completed installing native dependencies
  • packaging       platform=win32 arch=x64 electron=38.2.2 appOutDir=release\win-unpacked
  • updating asar integrity executable resource  executablePath=release\win-unpacked\Justice Companion.exe
  • default Electron icon is used  reason=application icon is not set
  • signing with signtool.exe  path=release\win-unpacked\Justice Companion.exe
  • signing with signtool.exe  path=release\win-unpacked\resources\app.asar.unpacked\node_modules\@openai\codex-sdk\vendor\x86_64-pc-windows-msvc\codex\codex.exe
  • signing with signtool.exe  path=release\win-unpacked\resources\app.asar.unpacked\node_modules\@openai\codex-sdk\vendor\aarch64-pc-windows-msvc\codex\codex.exe
  • building        target=nsis file=release\Justice Companion Setup 1.0.0.exe archs=x64 oneClick=true perMachine=false
  • signing with signtool.exe  path=release\win-unpacked\resources\elevate.exe
  • signing with signtool.exe  path=release\__uninstaller-nsis-justice-companion.exe
  • signing with signtool.exe  path=release\Justice Companion Setup 1.0.0.exe
  • building block map  blockMapFile=release\Justice Companion Setup 1.0.0.exe.blockmap
