
> justice-companion@1.0.0 test F:\Justice Companion take 2
> vitest "src/features/settings/components/ProfileSettings.test.tsx" "--run"

[33mThe CJS build of Vite's Node API is deprecated. See https://vite.dev/guide/troubleshooting.html#vite-cjs-node-api-deprecated for more details.[39m

[1m[7m[36m RUN [39m[27m[22m [36mv2.1.9 [39m[90mF:/Justice Companion take 2[39m

 [31m❯[39m src/features/settings/components/ProfileSettings.test.tsx [2m([22m[2m0 test[22m[2m)[22m

[31m⎯⎯⎯⎯⎯⎯[1m[7m Failed Suites 1 [27m[22m⎯⎯⎯⎯⎯⎯⎯[39m

[31m[1m[7m FAIL [27m[22m[39m src/features/settings/components/ProfileSettings.test.tsx[2m [ src/features/settings/components/ProfileSettings.test.tsx ][22m
[31m[1mError[22m: Failed to resolve import "./ProfileSettings" from "src/features/settings/components/ProfileSettings.test.tsx". Does the file exist?[39m
  Plugin: [35mvite:import-analysis[39m
  File: [36mF:/Justice Companion take 2/src/features/settings/components/ProfileSettings.test.tsx[39m:15:32
[33m  3  |  import { render, screen, waitFor } from "@testing-library/react";
  4  |  import userEvent from "@testing-library/user-event";
  5  |  import { ProfileSettings } from "./ProfileSettings";
     |                                   ^
  6  |  const mockJusticeAPI = {
  7  |    getUserProfile: vi.fn(),[39m
[90m [2m❯[22m TransformPluginContext._formatError ../Justice%20Companion%20take%202/node_modules/.pnpm/vite@5.4.20_@types+node@22.18.10/node_modules/vite/dist/node/chunks/dep-D_zLpgQd.js:[2m49258:41[22m[39m
[90m [2m❯[22m TransformPluginContext.error ../Justice%20Companion%20take%202/node_modules/.pnpm/vite@5.4.20_@types+node@22.18.10/node_modules/vite/dist/node/chunks/dep-D_zLpgQd.js:[2m49253:16[22m[39m
[90m [2m❯[22m normalizeUrl ../Justice%20Companion%20take%202/node_modules/.pnpm/vite@5.4.20_@types+node@22.18.10/node_modules/vite/dist/node/chunks/dep-D_zLpgQd.js:[2m64306:23[22m[39m
[90m [2m❯[22m ../Justice%20Companion%20take%202/node_modules/.pnpm/vite@5.4.20_@types+node@22.18.10/node_modules/vite/dist/node/chunks/dep-D_zLpgQd.js:[2m64438:39[22m[39m
[90m [2m❯[22m TransformPluginContext.transform ../Justice%20Companion%20take%202/node_modules/.pnpm/vite@5.4.20_@types+node@22.18.10/node_modules/vite/dist/node/chunks/dep-D_zLpgQd.js:[2m64365:7[22m[39m
[90m [2m❯[22m PluginContainer.transform ../Justice%20Companion%20take%202/node_modules/.pnpm/vite@5.4.20_@types+node@22.18.10/node_modules/vite/dist/node/chunks/dep-D_zLpgQd.js:[2m49099:18[22m[39m
[90m [2m❯[22m loadAndTransform ../Justice%20Companion%20take%202/node_modules/.pnpm/vite@5.4.20_@types+node@22.18.10/node_modules/vite/dist/node/chunks/dep-D_zLpgQd.js:[2m51977:27[22m[39m

[31m[2m⎯⎯⎯⎯⎯⎯⎯⎯⎯⎯⎯⎯⎯⎯⎯⎯⎯⎯⎯⎯⎯⎯⎯⎯[1/1]⎯[22m[39m

[2m Test Files [22m [1m[31m1 failed[39m[22m[90m (1)[39m
[2m      Tests [22m [2mno tests[22m
[2m   Start at [22m 05:27:44
[2m   Duration [22m 2.15s[2m (transform 47ms, setup 126ms, collect 0ms, tests 0ms, environment 787ms, prepare 212ms)[22m

 ELIFECYCLE  Test failed. See above for more details.
